// Jest Snapshot v1, https://goo.gl/fbAQLP

exports[`<App> Snapshot tests matches the existing snapshot 1`] = `
Array [
  <h1>
    Application
  </h1>,
  <p>
    This is some sample text!
  </p>,
]
`;
